dicea@Ludid:/mnt/c/Users/dicea/git_callenge$ mkdir kadai_005
dicea@Ludid:/mnt/c/Users/dicea/git_callenge$ cd kadai_005
dicea@Ludid:/mnt/c/Users/dicea/git_callenge/kadai_005$ echo kadai_005.txt
kadai_005.txt
dicea@Ludid:/mnt/c/Users/dicea/git_callenge/kadai_005$ touch kadai_005.txt
dicea@Ludid:/mnt/c/Users/dicea/git_callenge/kadai_005$ cd //
dicea@Ludid://$ cd ..
dicea@Ludid://$ cd /mnt/c/Users/dicea/
dicea@Ludid:/mnt/c/Users/dicea$ mkdir git_challenge
dicea@Ludid:/mnt/c/Users/dicea$ cd git_challenge
dicea@Ludid:/mnt/c/Users/dicea/git_challenge$ echo hello_world.txt
hello_world.txt
dicea@Ludid:/mnt/c/Users/dicea/git_challenge$ git init
Initialized empty Git repository in /mnt/c/Users/dicea/git_challenge/.git/
dicea@Ludid:/mnt/c/Users/dicea/git_challenge$ echo hello_world.txt
hello_world.txt
dicea@Ludid:/mnt/c/Users/dicea/git_challenge$ touch hello_worl.txt
dicea@Ludid:/mnt/c/Users/dicea/git_challenge$ cd ..
dicea@Ludid:/mnt/c/Users/dicea$ mkdir git_challenge
dicea@Ludid:/mnt/c/Users/dicea$ cd git_challenge
dicea@Ludid:/mnt/c/Users/dicea/git_challenge$ git init
Initialized empty Git repository in /mnt/c/Users/dicea/git_challenge/.git/
dicea@Ludid:/mnt/c/Users/dicea/git_challenge$ touch hello_world.txt
dicea@Ludid:/mnt/c/Users/dicea/git_challenge$ git add hello_world.txt
dicea@Ludid:/mnt/c/Users/dicea/git_challenge$ echo "Hello, world!" > hello_world.txt
dicea@Ludid:/mnt/c/Users/dicea/git_challenge$ git commit
Aborting commit due to empty commit message.
dicea@Ludid:/mnt/c/Users/dicea/git_challenge$ echo "こんにちは、世界！" >  hello_world.txt
dicea@Ludid:/mnt/c/Users/dicea/git_challenge$ git commit
Aborting commit due to empty commit message.
dicea@Ludid:/mnt/c/Users/dicea/git_challenge$ git log
fatal: your current branch 'main' does not have any commits yet
dicea@Ludid:/mnt/c/Users/dicea/git_challenge$ git commit -m "日本語訳を追加"
[main (root-commit) 2eddf20] 日本語訳を追加
 1 file changed, 0 insertions(+), 0 deletions(-)
 create mode 100644 hello_world.txt
dicea@Ludid:/mnt/c/Users/dicea/git_challenge$ git log
commit 2eddf20e0b43017c8a493d1091be89b4651c872b (HEAD -> main)
Author: GaraQqQ <dice.ak@gmail.com>
Date:   Thu May 15 19:12:01 2025 +0900

    日本語訳を追加
dicea@Ludid:/mnt/c/Users/dicea/git_challenge$ mkdir kadai_005
dicea@Ludid:/mnt/c/Users/dicea/git_challenge$ cd kadai_005
dicea@Ludid:/mnt/c/Users/dicea/git_challenge/kadai_005$ touch kadai_005.txt